Archive member included to satisfy reference by file (symbol)

/Applications/Ac6/SystemWorkbench.app/Contents/Eclipse/plugins/fr.ac6.mcu.externaltools.arm-none.macos64_1.15.0.201708311556/tools/compiler/bin/../lib/gcc/arm-none-eabi/6.3.1/thumb/v6-m/libgcc.a(_udivsi3.o)
                              CPAL_Driver/src/stm32f0xx_i2c_cpal.o (__aeabi_uidiv)
/Applications/Ac6/SystemWorkbench.app/Contents/Eclipse/plugins/fr.ac6.mcu.externaltools.arm-none.macos64_1.15.0.201708311556/tools/compiler/bin/../lib/gcc/arm-none-eabi/6.3.1/thumb/v6-m/libgcc.a(_dvmd_tls.o)
                              /Applications/Ac6/SystemWorkbench.app/Contents/Eclipse/plugins/fr.ac6.mcu.externaltools.arm-none.macos64_1.15.0.201708311556/tools/compiler/bin/../lib/gcc/arm-none-eabi/6.3.1/thumb/v6-m/libgcc.a(_udivsi3.o) (__aeabi_idiv0)
/Applications/Ac6/SystemWorkbench.app/Contents/Eclipse/plugins/fr.ac6.mcu.externaltools.arm-none.macos64_1.15.0.201708311556/tools/compiler/bin/../lib/gcc/arm-none-eabi/6.3.1/../../../../arm-none-eabi/lib/thumb/v6-m/libc.a(lib_a-errno.o)
                              src/syscalls.o (__errno)
/Applications/Ac6/SystemWorkbench.app/Contents/Eclipse/plugins/fr.ac6.mcu.externaltools.arm-none.macos64_1.15.0.201708311556/tools/compiler/bin/../lib/gcc/arm-none-eabi/6.3.1/../../../../arm-none-eabi/lib/thumb/v6-m/libc.a(lib_a-exit.o)
                              /Applications/Ac6/SystemWorkbench.app/Contents/Eclipse/plugins/fr.ac6.mcu.externaltools.arm-none.macos64_1.15.0.201708311556/tools/compiler/bin/../lib/gcc/arm-none-eabi/6.3.1/../../../../arm-none-eabi/lib/thumb/v6-m/crt0.o (exit)
/Applications/Ac6/SystemWorkbench.app/Contents/Eclipse/plugins/fr.ac6.mcu.externaltools.arm-none.macos64_1.15.0.201708311556/tools/compiler/bin/../lib/gcc/arm-none-eabi/6.3.1/../../../../arm-none-eabi/lib/thumb/v6-m/libc.a(lib_a-impure.o)
                              /Applications/Ac6/SystemWorkbench.app/Contents/Eclipse/plugins/fr.ac6.mcu.externaltools.arm-none.macos64_1.15.0.201708311556/tools/compiler/bin/../lib/gcc/arm-none-eabi/6.3.1/../../../../arm-none-eabi/lib/thumb/v6-m/libc.a(lib_a-exit.o) (_global_impure_ptr)
/Applications/Ac6/SystemWorkbench.app/Contents/Eclipse/plugins/fr.ac6.mcu.externaltools.arm-none.macos64_1.15.0.201708311556/tools/compiler/bin/../lib/gcc/arm-none-eabi/6.3.1/../../../../arm-none-eabi/lib/thumb/v6-m/libc.a(lib_a-init.o)
                              /Applications/Ac6/SystemWorkbench.app/Contents/Eclipse/plugins/fr.ac6.mcu.externaltools.arm-none.macos64_1.15.0.201708311556/tools/compiler/bin/../lib/gcc/arm-none-eabi/6.3.1/../../../../arm-none-eabi/lib/thumb/v6-m/crt0.o (__libc_init_array)
/Applications/Ac6/SystemWorkbench.app/Contents/Eclipse/plugins/fr.ac6.mcu.externaltools.arm-none.macos64_1.15.0.201708311556/tools/compiler/bin/../lib/gcc/arm-none-eabi/6.3.1/../../../../arm-none-eabi/lib/thumb/v6-m/libc.a(lib_a-memset.o)
                              /Applications/Ac6/SystemWorkbench.app/Contents/Eclipse/plugins/fr.ac6.mcu.externaltools.arm-none.macos64_1.15.0.201708311556/tools/compiler/bin/../lib/gcc/arm-none-eabi/6.3.1/../../../../arm-none-eabi/lib/thumb/v6-m/crt0.o (memset)
/Applications/Ac6/SystemWorkbench.app/Contents/Eclipse/plugins/fr.ac6.mcu.externaltools.arm-none.macos64_1.15.0.201708311556/tools/compiler/bin/../lib/gcc/arm-none-eabi/6.3.1/../../../../arm-none-eabi/lib/thumb/v6-m/libc.a(lib_a-__call_atexit.o)
                              /Applications/Ac6/SystemWorkbench.app/Contents/Eclipse/plugins/fr.ac6.mcu.externaltools.arm-none.macos64_1.15.0.201708311556/tools/compiler/bin/../lib/gcc/arm-none-eabi/6.3.1/../../../../arm-none-eabi/lib/thumb/v6-m/libc.a(lib_a-exit.o) (__call_exitprocs)
/Applications/Ac6/SystemWorkbench.app/Contents/Eclipse/plugins/fr.ac6.mcu.externaltools.arm-none.macos64_1.15.0.201708311556/tools/compiler/bin/../lib/gcc/arm-none-eabi/6.3.1/../../../../arm-none-eabi/lib/thumb/v6-m/libc.a(lib_a-atexit.o)
                              /Applications/Ac6/SystemWorkbench.app/Contents/Eclipse/plugins/fr.ac6.mcu.externaltools.arm-none.macos64_1.15.0.201708311556/tools/compiler/bin/../lib/gcc/arm-none-eabi/6.3.1/../../../../arm-none-eabi/lib/thumb/v6-m/libc.a(lib_a-__call_atexit.o) (atexit)
/Applications/Ac6/SystemWorkbench.app/Contents/Eclipse/plugins/fr.ac6.mcu.externaltools.arm-none.macos64_1.15.0.201708311556/tools/compiler/bin/../lib/gcc/arm-none-eabi/6.3.1/../../../../arm-none-eabi/lib/thumb/v6-m/libc.a(lib_a-fini.o)
                              /Applications/Ac6/SystemWorkbench.app/Contents/Eclipse/plugins/fr.ac6.mcu.externaltools.arm-none.macos64_1.15.0.201708311556/tools/compiler/bin/../lib/gcc/arm-none-eabi/6.3.1/../../../../arm-none-eabi/lib/thumb/v6-m/libc.a(lib_a-__call_atexit.o) (__libc_fini_array)
/Applications/Ac6/SystemWorkbench.app/Contents/Eclipse/plugins/fr.ac6.mcu.externaltools.arm-none.macos64_1.15.0.201708311556/tools/compiler/bin/../lib/gcc/arm-none-eabi/6.3.1/../../../../arm-none-eabi/lib/thumb/v6-m/libc.a(lib_a-lock.o)
[...]
Memory Configuration

Name             Origin             Length             Attributes
RAM              0x0000000020000000 0x0000000000002000 xrw
ROM              0x0000000008000000 0x0000000000010000 xr
*default*        0x0000000000000000 0xffffffffffffffff

Linker script and memory map

LOAD /Applications/Ac6/SystemWorkbench.app/Contents/Eclipse/plugins/fr.ac6.mcu.externaltools.arm-none.macos64_1.15.0.201708311556/tools/compiler/bin/../lib/gcc/arm-none-eabi/6.3.1/thumb/v6-m/crti.o
LOAD /Applications/Ac6/SystemWorkbench.app/Contents/Eclipse/plugins/fr.ac6.mcu.externaltools.arm-none.macos64_1.15.0.201708311556/tools/compiler/bin/../lib/gcc/arm-none-eabi/6.3.1/thumb/v6-m/crtbegin.o
LOAD /Applications/Ac6/SystemWorkbench.app/Contents/Eclipse/plugins/fr.ac6.mcu.externaltools.arm-none.macos64_1.15.0.201708311556/tools/compiler/bin/../lib/gcc/arm-none-eabi/6.3.1/../../../../arm-none-eabi/lib/thumb/v6-m/crt0.o
LOAD CPAL_Driver/src/stm32f0xx_i2c_cpal.o
LOAD CPAL_Driver/src/stm32f0xx_i2c_cpal_hal.o
LOAD CPAL_Driver/src/stm32f0xx_i2c_cpal_usercallback_template.o
LOAD StdPeriph_Driver/src/stm32f0xx_adc.o
LOAD StdPeriph_Driver/src/stm32f0xx_can.o
LOAD StdPeriph_Driver/src/stm32f0xx_cec.o
LOAD StdPeriph_Driver/src/stm32f0xx_comp.o
LOAD StdPeriph_Driver/src/stm32f0xx_crc.o
LOAD StdPeriph_Driver/src/stm32f0xx_crs.o
LOAD StdPeriph_Driver/src/stm32f0xx_dac.o
LOAD StdPeriph_Driver/src/stm32f0xx_dbgmcu.o
LOAD StdPeriph_Driver/src/stm32f0xx_dma.o
LOAD StdPeriph_Driver/src/stm32f0xx_exti.o
LOAD StdPeriph_Driver/src/stm32f0xx_flash.o
LOAD StdPeriph_Driver/src/stm32f0xx_gpio.o
LOAD StdPeriph_Driver/src/stm32f0xx_i2c.o
LOAD StdPeriph_Driver/src/stm32f0xx_iwdg.o
LOAD StdPeriph_Driver/src/stm32f0xx_misc.o
LOAD StdPeriph_Driver/src/stm32f0xx_pwr.o
LOAD StdPeriph_Driver/src/stm32f0xx_rcc.o
LOAD StdPeriph_Driver/src/stm32f0xx_rtc.o
LOAD StdPeriph_Driver/src/stm32f0xx_spi.o
LOAD StdPeriph_Driver/src/stm32f0xx_syscfg.o
LOAD StdPeriph_Driver/src/stm32f0xx_tim.o
LOAD StdPeriph_Driver/src/stm32f0xx_usart.o
LOAD StdPeriph_Driver/src/stm32f0xx_wwdg.o
LOAD src/main.o
LOAD src/syscalls.o
LOAD src/system_stm32f0xx.o
LOAD startup/startup_stm32.o
LOAD /Applications/Ac6/SystemWorkbench.app/Contents/Eclipse/plugins/fr.ac6.mcu.externaltools.arm-none.macos64_1.15.0.201708311556/tools/compiler/bin/../lib/gcc/arm-none-eabi/6.3.1/../../../../arm-none-eabi/lib/thumb/v6-m/libstdc++.a
LOAD /Applications/Ac6/SystemWorkbench.app/Contents/Eclipse/plugins/fr.ac6.mcu.externaltools.arm-none.macos64_1.15.0.201708311556/tools/compiler/bin/../lib/gcc/arm-none-eabi/6.3.1/../../../../arm-none-eabi/lib/thumb/v6-m/libm.a
START GROUP
LOAD /Applications/Ac6/SystemWorkbench.app/Contents/Eclipse/plugins/fr.ac6.mcu.externaltools.arm-none.macos64_1.15.0.201708311556/tools/compiler/bin/../lib/gcc/arm-none-eabi/6.3.1/thumb/v6-m/libgcc.a
LOAD /Applications/Ac6/SystemWorkbench.app/Contents/Eclipse/plugins/fr.ac6.mcu.externaltools.arm-none.macos64_1.15.0.201708311556/tools/compiler/bin/../lib/gcc/arm-none-eabi/6.3.1/../../../../arm-none-eabi/lib/thumb/v6-m/libc.a
END GROUP
LOAD /Applications/Ac6/SystemWorkbench.app/Contents/Eclipse/plugins/fr.ac6.mcu.externaltools.arm-none.macos64_1.15.0.201708311556/tools/compiler/bin/../lib/gcc/arm-none-eabi/6.3.1/thumb/v6-m/crtend.o
LOAD /Applications/Ac6/SystemWorkbench.app/Contents/Eclipse/plugins/fr.ac6.mcu.externaltools.arm-none.macos64_1.15.0.201708311556/tools/compiler/bin/../lib/gcc/arm-none-eabi/6.3.1/thumb/v6-m/crtn.o
                0x0000000020002000                _estack = 0x20002000
                0x0000000000000000                _Min_Heap_Size = 0x0
                0x0000000000000400                _Min_Stack_Size = 0x400

.isr_vector     0x0000000008000000      0x188
                0x0000000008000000                . = ALIGN (0x4)
 *(.isr_vector)
 .isr_vector    0x0000000008000000      0x188 startup/startup_stm32.o
                0x0000000008000000                g_pfnVectors
                0x0000000008000188                . = ALIGN (0x4)

.text           0x0000000008000188      0x544
                0x0000000008000188                . = ALIGN (0x4)
 *(.text)
 .text          0x0000000008000188       0x60 /Applications/Ac6/SystemWorkbench.app/Contents/Eclipse/plugins/fr.ac6.mcu.externaltools.arm-none.macos64_1.15.0.201708311556/tools/compiler/bin/../lib/gcc/arm-none-eabi/6.3.1/thumb/v6-m/crtbegin.o
 *(.text*)
 .text.SysTick_Handler
                0x00000000080001e8       0xa4 CPAL_Driver/src/stm32f0xx_i2c_cpal.o
                0x00000000080001e8                SysTick_Handler
 .text.CPAL_TIMEOUT_UserCallback
                0x000000000800028c       0x12 CPAL_Driver/src/stm32f0xx_i2c_cpal_usercallback_template.o
                0x000000000800028c                CPAL_TIMEOUT_UserCallback
 .text.waitToBlink
                0x000000000800029e       0x2a src/main.o
                0x000000000800029e                waitToBlink
 .text.main     0x00000000080002c8       0x94 src/main.o
                0x00000000080002c8                main
 .text.SystemInit
                0x000000000800035c       0x8c src/system_stm32f0xx.o
                0x000000000800035c                SystemInit
 .text.SetSysClock
                0x00000000080003e8       0xe0 src/system_stm32f0xx.o
 .text.Reset_Handler
                0x00000000080004c8       0x48 startup/startup_stm32.o
                0x00000000080004c8                Reset_Handler
 .text.Default_Handler
                0x0000000008000510        0x2 startup/startup_stm32.o
                0x0000000008000510                BusFault_Handler
                0x0000000008000510                HardFault_Handler
                0x0000000008000510                PendSV_Handler
                0x0000000008000510                NMI_Handler
                0x0000000008000510                UsageFault_Handler
                0x0000000008000510                Default_Handler
                0x0000000008000510                MemManage_Handler
                0x0000000008000510                SVC_Handler
                0x0000000008000510                DebugMon_Handler
 *fill*         0x0000000008000512        0x2 
 .text.__libc_init_array
                0x0000000008000514       0x48 /Applications/Ac6/SystemWorkbench.app/Contents/Eclipse/plugins/fr.ac6.mcu.externaltools.arm-none.macos64_1.15.0.201708311556/tools/compiler/bin/../lib/gcc/arm-none-eabi/6.3.1/../../../../arm-none-eabi/lib/thumb/v6-m/libc.a(lib_a-init.o)
                0x0000000008000514                __libc_init_array
 .text.startup.register_fini
                0x000000000800055c       0x18 /Applications/Ac6/SystemWorkbench.app/Contents/Eclipse/plugins/fr.ac6.mcu.externaltools.arm-none.macos64_1.15.0.201708311556/tools/compiler/bin/../lib/gcc/arm-none-eabi/6.3.1/../../../../arm-none-eabi/lib/thumb/v6-m/libc.a(lib_a-__call_atexit.o)
 .text.atexit   0x0000000008000574       0x10 /Applications/Ac6/SystemWorkbench.app/Contents/Eclipse/plugins/fr.ac6.mcu.externaltools.arm-none.macos64_1.15.0.201708311556/tools/compiler/bin/../lib/gcc/arm-none-eabi/6.3.1/../../../../arm-none-eabi/lib/thumb/v6-m/libc.a(lib_a-atexit.o)
                0x0000000008000574                atexit
 .text.__libc_fini_array
                0x0000000008000584       0x34 /Applications/Ac6/SystemWorkbench.app/Contents/Eclipse/plugins/fr.ac6.mcu.externaltools.arm-none.macos64_1.15.0.201708311556/tools/compiler/bin/../lib/gcc/arm-none-eabi/6.3.1/../../../../arm-none-eabi/lib/thumb/v6-m/libc.a(lib_a-fini.o)
                0x0000000008000584                __libc_fini_array
 .text.__retarget_lock_acquire_recursive
                0x00000000080005b8        0x4 /Applications/Ac6/SystemWorkbench.app/Contents/Eclipse/plugins/fr.ac6.mcu.externaltools.arm-none.macos64_1.15.0.201708311556/tools/compiler/bin/../lib/gcc/arm-none-eabi/6.3.1/../../../../arm-none-eabi/lib/thumb/v6-m/libc.a(lib_a-lock.o)
                0x00000000080005b8                __retarget_lock_acquire_recursive
 .text.__retarget_lock_release_recursive
                0x00000000080005bc        0x4 /Applications/Ac6/SystemWorkbench.app/Contents/Eclipse/plugins/fr.ac6.mcu.externaltools.arm-none.macos64_1.15.0.201708311556/tools/compiler/bin/../lib/gcc/arm-none-eabi/6.3.1/../../../../arm-none-eabi/lib/thumb/v6-m/libc.a(lib_a-lock.o)
                0x00000000080005bc                __retarget_lock_release_recursive
 .text.__register_exitproc
                0x00000000080005c0       0xf4 /Applications/Ac6/SystemWorkbench.app/Contents/Eclipse/plugins/fr.ac6.mcu.externaltools.arm-none.macos64_1.15.0.201708311556/tools/compiler/bin/../lib/gcc/arm-none-eabi/6.3.1/../../../../arm-none-eabi/lib/thumb/v6-m/libc.a(lib_a-__atexit.o)
                0x00000000080005c0                __register_exitproc
 *(.glue_7)
 .glue_7        0x00000000080006b4        0x0 linker stubs
 *(.glue_7t)
 .glue_7t       0x00000000080006b4        0x0 linker stubs
 *(.eh_frame)
 .eh_frame      0x00000000080006b4        0x0 /Applications/Ac6/SystemWorkbench.app/Contents/Eclipse/plugins/fr.ac6.mcu.externaltools.arm-none.macos64_1.15.0.201708311556/tools/compiler/bin/../lib/gcc/arm-none-eabi/6.3.1/thumb/v6-m/crtbegin.o
 *(.init)
 .init          0x00000000080006b4        0x4 /Applications/Ac6/SystemWorkbench.app/Contents/Eclipse/plugins/fr.ac6.mcu.externaltools.arm-none.macos64_1.15.0.201708311556/tools/compiler/bin/../lib/gcc/arm-none-eabi/6.3.1/thumb/v6-m/crti.o
                0x00000000080006b4                _init
 .init          0x00000000080006b8        0x8 /Applications/Ac6/SystemWorkbench.app/Contents/Eclipse/plugins/fr.ac6.mcu.externaltools.arm-none.macos64_1.15.0.201708311556/tools/compiler/bin/../lib/gcc/arm-none-eabi/6.3.1/thumb/v6-m/crtn.o
 *(.fini)
 .fini          0x00000000080006c0        0x4 /Applications/Ac6/SystemWorkbench.app/Contents/Eclipse/plugins/fr.ac6.mcu.externaltools.arm-none.macos64_1.15.0.201708311556/tools/compiler/bin/../lib/gcc/arm-none-eabi/6.3.1/thumb/v6-m/crti.o
                0x00000000080006c0                _fini
 .fini          0x00000000080006c4        0x8 /Applications/Ac6/SystemWorkbench.app/Contents/Eclipse/plugins/fr.ac6.mcu.externaltools.arm-none.macos64_1.15.0.201708311556/tools/compiler/bin/../lib/gcc/arm-none-eabi/6.3.1/thumb/v6-m/crtn.o
                0x00000000080006cc                . = ALIGN (0x4)
                0x00000000080006cc                _etext = .

.vfp11_veneer   0x00000000080006cc        0x0
 .vfp11_veneer  0x00000000080006cc        0x0 linker stubs

.v4_bx          0x00000000080006cc        0x0
 .v4_bx         0x00000000080006cc        0x0 linker stubs

.iplt           0x00000000080006cc        0x0
 .iplt          0x00000000080006cc        0x0 /Applications/Ac6/SystemWorkbench.app/Contents/Eclipse/plugins/fr.ac6.mcu.externaltools.arm-none.macos64_1.15.0.201708311556/tools/compiler/bin/../lib/gcc/arm-none-eabi/6.3.1/thumb/v6-m/crtbegin.o

.rodata         0x00000000080006cc        0x4
                0x00000000080006cc                . = ALIGN (0x4)
 *(.rodata)
 *(.rodata*)
 .rodata._global_impure_ptr
                0x00000000080006cc        0x4 /Applications/Ac6/SystemWorkbench.app/Contents/Eclipse/plugins/fr.ac6.mcu.externaltools.arm-none.macos64_1.15.0.201708311556/tools/compiler/bin/../lib/gcc/arm-none-eabi/6.3.1/../../../../arm-none-eabi/lib/thumb/v6-m/libc.a(lib_a-impure.o)
                0x00000000080006cc                _global_impure_ptr
                0x00000000080006d0                . = ALIGN (0x4)

.rel.dyn        0x00000000080006d0        0x0
 .rel.iplt      0x00000000080006d0        0x0 /Applications/Ac6/SystemWorkbench.app/Contents/Eclipse/plugins/fr.ac6.mcu.externaltools.arm-none.macos64_1.15.0.201708311556/tools/compiler/bin/../lib/gcc/arm-none-eabi/6.3.1/thumb/v6-m/crtbegin.o

.ARM.extab      0x00000000080006d0        0x0
                0x00000000080006d0                . = ALIGN (0x4)
 *(.ARM.extab* .gnu.linkonce.armextab.*)
                0x00000000080006d0                . = ALIGN (0x4)

.ARM            0x00000000080006d0        0x0
                0x00000000080006d0                . = ALIGN (0x4)
                0x00000000080006d0                __exidx_start = .
 *(.ARM.exidx*)
                0x00000000080006d0                __exidx_end = .
                0x00000000080006d0                . = ALIGN (0x4)

.preinit_array  0x00000000080006d0        0x0
                0x00000000080006d0                . = ALIGN (0x4)
                0x00000000080006d0                PROVIDE (__preinit_array_start, .)
 *(.preinit_array*)
                0x00000000080006d0                PROVIDE (__preinit_array_end, .)
                0x00000000080006d0                . = ALIGN (0x4)

.init_array     0x00000000080006d0        0x8
                0x00000000080006d0                . = ALIGN (0x4)
                0x00000000080006d0                PROVIDE (__init_array_start, .)
 *(SORT(.init_array.*))
 .init_array.00000
                0x00000000080006d0        0x4 /Applications/Ac6/SystemWorkbench.app/Contents/Eclipse/plugins/fr.ac6.mcu.externaltools.arm-none.macos64_1.15.0.201708311556/tools/compiler/bin/../lib/gcc/arm-none-eabi/6.3.1/../../../../arm-none-eabi/lib/thumb/v6-m/libc.a(lib_a-__call_atexit.o)
 *(.init_array*)
 .init_array    0x00000000080006d4        0x4 /Applications/Ac6/SystemWorkbench.app/Contents/Eclipse/plugins/fr.ac6.mcu.externaltools.arm-none.macos64_1.15.0.201708311556/tools/compiler/bin/../lib/gcc/arm-none-eabi/6.3.1/thumb/v6-m/crtbegin.o
                0x00000000080006d8                PROVIDE (__init_array_end, .)
                0x00000000080006d8                . = ALIGN (0x4)

.fini_array     0x00000000080006d8        0x4
                0x00000000080006d8                . = ALIGN (0x4)
                0x00000000080006d8                PROVIDE (__fini_array_start, .)
 *(SORT(.fini_array.*))
 *(.fini_array*)
 .fini_array    0x00000000080006d8        0x4 /Applications/Ac6/SystemWorkbench.app/Contents/Eclipse/plugins/fr.ac6.mcu.externaltools.arm-none.macos64_1.15.0.201708311556/tools/compiler/bin/../lib/gcc/arm-none-eabi/6.3.1/thumb/v6-m/crtbegin.o
                0x00000000080006dc                PROVIDE (__fini_array_end, .)
                0x00000000080006dc                . = ALIGN (0x4)
                0x00000000080006dc                _sidata = LOADADDR (.data)

.data           0x0000000020000000      0x4a4 load address 0x00000000080006dc
                0x0000000020000000                . = ALIGN (0x4)
                0x0000000020000000                _sdata = .
 *(.data)
 .data          0x0000000020000000       0x78 CPAL_Driver/src/stm32f0xx_i2c_cpal_hal.o
                0x0000000020000000                I2C_DevStructures
                0x0000000020000008                I2C1_DevStructure
                0x0000000020000028                I2C2_DevStructure
                0x0000000020000048                CPAL_I2C_DEVICE
                0x0000000020000050                CPAL_I2C_SCL_GPIO_PORT
                0x0000000020000058                CPAL_I2C_SDA_GPIO_PORT
                0x0000000020000060                CPAL_I2C_DMA_TX_Channel
                0x0000000020000068                CPAL_I2C_DMA_RX_Channel
                0x0000000020000070                CPAL_I2C_DMA
 *(.data*)
 .data.impure_data
                0x0000000020000078      0x428 /Applications/Ac6/SystemWorkbench.app/Contents/Eclipse/plugins/fr.ac6.mcu.externaltools.arm-none.macos64_1.15.0.201708311556/tools/compiler/bin/../lib/gcc/arm-none-eabi/6.3.1/../../../../arm-none-eabi/lib/thumb/v6-m/libc.a(lib_a-impure.o)
 .data.__atexit_recursive_mutex
                0x00000000200004a0        0x4 /Applications/Ac6/SystemWorkbench.app/Contents/Eclipse/plugins/fr.ac6.mcu.externaltools.arm-none.macos64_1.15.0.201708311556/tools/compiler/bin/../lib/gcc/arm-none-eabi/6.3.1/../../../../arm-none-eabi/lib/thumb/v6-m/libc.a(lib_a-__call_atexit.o)
                0x00000000200004a0                __atexit_recursive_mutex
                0x00000000200004a4                . = ALIGN (0x4)
                0x00000000200004a4                _edata = .

.jcr            0x00000000200004a4        0x0 load address 0x0000000008000b80
 .jcr           0x00000000200004a4        0x0 /Applications/Ac6/SystemWorkbench.app/Contents/Eclipse/plugins/fr.ac6.mcu.externaltools.arm-none.macos64_1.15.0.201708311556/tools/compiler/bin/../lib/gcc/arm-none-eabi/6.3.1/thumb/v6-m/crtbegin.o

.igot.plt       0x00000000200004a4        0x0 load address 0x0000000008000b80
 .igot.plt      0x00000000200004a4        0x0 /Applications/Ac6/SystemWorkbench.app/Contents/Eclipse/plugins/fr.ac6.mcu.externaltools.arm-none.macos64_1.15.0.201708311556/tools/compiler/bin/../lib/gcc/arm-none-eabi/6.3.1/thumb/v6-m/crtbegin.o
                0x00000000200004a4                . = ALIGN (0x4)

.bss            0x00000000200004a4       0x40 load address 0x0000000008000b80
                0x00000000200004a4                _sbss = .
                0x00000000200004a4                __bss_start__ = _sbss
 *(.bss)
 .bss           0x00000000200004a4       0x1c /Applications/Ac6/SystemWorkbench.app/Contents/Eclipse/plugins/fr.ac6.mcu.externaltools.arm-none.macos64_1.15.0.201708311556/tools/compiler/bin/../lib/gcc/arm-none-eabi/6.3.1/thumb/v6-m/crtbegin.o
 *(.bss*)
 *(COMMON)
 COMMON         0x00000000200004c0       0x21 /Applications/Ac6/SystemWorkbench.app/Contents/Eclipse/plugins/fr.ac6.mcu.externaltools.arm-none.macos64_1.15.0.201708311556/tools/compiler/bin/../lib/gcc/arm-none-eabi/6.3.1/../../../../arm-none-eabi/lib/thumb/v6-m/libc.a(lib_a-lock.o)
                0x00000000200004c0                __lock___atexit_recursive_mutex
                0x00000000200004c4                __lock___arc4random_mutex
                0x00000000200004c8                __lock___env_recursive_mutex
                0x00000000200004cc                __lock___sinit_recursive_mutex
                0x00000000200004d0                __lock___malloc_recursive_mutex
                0x00000000200004d4                __lock___at_quick_exit_mutex
                0x00000000200004d8                __lock___dd_hash_mutex
                0x00000000200004dc                __lock___tz_mutex
                0x00000000200004e0                __lock___sfp_recursive_mutex
                0x00000000200004e4                . = ALIGN (0x4)
 *fill*         0x00000000200004e1        0x3 
                0x00000000200004e4                _ebss = .
                0x00000000200004e4                __bss_end__ = _ebss

._user_heap_stack
                0x00000000200004e4      0x404 load address 0x0000000008000b80
                0x00000000200004e8                . = ALIGN (0x8)
 *fill*         0x00000000200004e4        0x4 
                0x00000000200004e8                PROVIDE (end, .)
                [!provide]                        PROVIDE (_end, .)
                0x00000000200004e8                . = (. + _Min_Heap_Size)
                0x00000000200008e8                . = (. + _Min_Stack_Size)
 *fill*         0x00000000200004e8      0x400 
                0x00000000200008e8                . = ALIGN (0x8)

/DISCARD/
 libc.a(*)
 libm.a(*)
 libgcc.a(*)

.ARM.attributes
                0x0000000000000000       0x28
 *(.ARM.attributes)
 .ARM.attributes
                0x0000000000000000       0x1e /Applications/Ac6/SystemWorkbench.app/Contents/Eclipse/plugins/fr.ac6.mcu.externaltools.arm-none.macos64_1.15.0.201708311556/tools/compiler/bin/../lib/gcc/arm-none-eabi/6.3.1/thumb/v6-m/crti.o
 .ARM.attributes
                0x000000000000001e       0x2c /Applications/Ac6/SystemWorkbench.app/Contents/Eclipse/plugins/fr.ac6.mcu.externaltools.arm-none.macos64_1.15.0.201708311556/tools/compiler/bin/../lib/gcc/arm-none-eabi/6.3.1/thumb/v6-m/crtbegin.o
 .ARM.attributes
                0x000000000000004a       0x31 CPAL_Driver/src/stm32f0xx_i2c_cpal.o
 .ARM.attributes
                0x000000000000007b       0x31 CPAL_Driver/src/stm32f0xx_i2c_cpal_hal.o
 .ARM.attributes
                0x00000000000000ac       0x31 CPAL_Driver/src/stm32f0xx_i2c_cpal_usercallback_template.o
 .ARM.attributes
                0x00000000000000dd       0x31 src/main.o
 .ARM.attributes
                0x000000000000010e       0x31 src/system_stm32f0xx.o
 .ARM.attributes
                0x000000000000013f       0x21 startup/startup_stm32.o
 .ARM.attributes
                0x0000000000000160       0x2c /Applications/Ac6/SystemWorkbench.app/Contents/Eclipse/plugins/fr.ac6.mcu.externaltools.arm-none.macos64_1.15.0.201708311556/tools/compiler/bin/../lib/gcc/arm-none-eabi/6.3.1/../../../../arm-none-eabi/lib/thumb/v6-m/libc.a(lib_a-impure.o)
 .ARM.attributes
                0x000000000000018c       0x2c /Applications/Ac6/SystemWorkbench.app/Contents/Eclipse/plugins/fr.ac6.mcu.externaltools.arm-none.macos64_1.15.0.201708311556/tools/compiler/bin/../lib/gcc/arm-none-eabi/6.3.1/../../../../arm-none-eabi/lib/thumb/v6-m/libc.a(lib_a-init.o)
 .ARM.attributes
                0x00000000000001b8       0x2c /Applications/Ac6/SystemWorkbench.app/Contents/Eclipse/plugins/fr.ac6.mcu.externaltools.arm-none.macos64_1.15.0.201708311556/tools/compiler/bin/../lib/gcc/arm-none-eabi/6.3.1/../../../../arm-none-eabi/lib/thumb/v6-m/libc.a(lib_a-__call_atexit.o)
 .ARM.attributes
                0x00000000000001e4       0x2c /Applications/Ac6/SystemWorkbench.app/Contents/Eclipse/plugins/fr.ac6.mcu.externaltools.arm-none.macos64_1.15.0.201708311556/tools/compiler/bin/../lib/gcc/arm-none-eabi/6.3.1/../../../../arm-none-eabi/lib/thumb/v6-m/libc.a(lib_a-atexit.o)
 .ARM.attributes
                0x0000000000000210       0x2c /Applications/Ac6/SystemWorkbench.app/Contents/Eclipse/plugins/fr.ac6.mcu.externaltools.arm-none.macos64_1.15.0.201708311556/tools/compiler/bin/../lib/gcc/arm-none-eabi/6.3.1/../../../../arm-none-eabi/lib/thumb/v6-m/libc.a(lib_a-fini.o)
 .ARM.attributes
                0x000000000000023c       0x2c /Applications/Ac6/SystemWorkbench.app/Contents/Eclipse/plugins/fr.ac6.mcu.externaltools.arm-none.macos64_1.15.0.201708311556/tools/compiler/bin/../lib/gcc/arm-none-eabi/6.3.1/../../../../arm-none-eabi/lib/thumb/v6-m/libc.a(lib_a-lock.o)
 .ARM.attributes
                0x0000000000000268       0x2c /Applications/Ac6/SystemWorkbench.app/Contents/Eclipse/plugins/fr.ac6.mcu.externaltools.arm-none.macos64_1.15.0.201708311556/tools/compiler/bin/../lib/gcc/arm-none-eabi/6.3.1/../../../../arm-none-eabi/lib/thumb/v6-m/libc.a(lib_a-__atexit.o)
 .ARM.attributes
                0x0000000000000294       0x1e /Applications/Ac6/SystemWorkbench.app/Contents/Eclipse/plugins/fr.ac6.mcu.externaltools.arm-none.macos64_1.15.0.201708311556/tools/compiler/bin/../lib/gcc/arm-none-eabi/6.3.1/thumb/v6-m/crtn.o
OUTPUT(testing.elf elf32-littlearm)

.debug_info     0x0000000000000000     0x23f1
 .debug_info    0x0000000000000000      0xccc CPAL_Driver/src/stm32f0xx_i2c_cpal.o
 .debug_info    0x0000000000000ccc      0xda5 CPAL_Driver/src/stm32f0xx_i2c_cpal_hal.o
 .debug_info    0x0000000000001a71      0x346 CPAL_Driver/src/stm32f0xx_i2c_cpal_usercallback_template.o
 .debug_info    0x0000000000001db7      0x2b6 src/main.o
 .debug_info    0x000000000000206d      0x30c src/system_stm32f0xx.o
 .debug_info    0x0000000000002379       0x78 startup/startup_stm32.o

.debug_abbrev   0x0000000000000000      0x775
 .debug_abbrev  0x0000000000000000      0x252 CPAL_Driver/src/stm32f0xx_i2c_cpal.o
 .debug_abbrev  0x0000000000000252      0x1e8 CPAL_Driver/src/stm32f0xx_i2c_cpal_hal.o
 .debug_abbrev  0x000000000000043a       0xe4 CPAL_Driver/src/stm32f0xx_i2c_cpal_usercallback_template.o
 .debug_abbrev  0x000000000000051e       0xec src/main.o
 .debug_abbrev  0x000000000000060a      0x159 src/system_stm32f0xx.o
 .debug_abbrev  0x0000000000000763       0x12 startup/startup_stm32.o

.debug_aranges  0x0000000000000000      0x210
 .debug_aranges
                0x0000000000000000       0xe8 CPAL_Driver/src/stm32f0xx_i2c_cpal.o
 .debug_aranges
                0x00000000000000e8       0x88 CPAL_Driver/src/stm32f0xx_i2c_cpal_hal.o
 .debug_aranges
                0x0000000000000170       0x20 CPAL_Driver/src/stm32f0xx_i2c_cpal_usercallback_template.o
 .debug_aranges
                0x0000000000000190       0x28 src/main.o
 .debug_aranges
                0x00000000000001b8       0x30 src/system_stm32f0xx.o
 .debug_aranges
                0x00000000000001e8       0x28 startup/startup_stm32.o

.debug_ranges   0x0000000000000000      0x1b8
 .debug_ranges  0x0000000000000000       0xd8 CPAL_Driver/src/stm32f0xx_i2c_cpal.o
 .debug_ranges  0x00000000000000d8       0x78 CPAL_Driver/src/stm32f0xx_i2c_cpal_hal.o
 .debug_ranges  0x0000000000000150       0x10 CPAL_Driver/src/stm32f0xx_i2c_cpal_usercallback_template.o
 .debug_ranges  0x0000000000000160       0x18 src/main.o
 .debug_ranges  0x0000000000000178       0x20 src/system_stm32f0xx.o
 .debug_ranges  0x0000000000000198       0x20 startup/startup_stm32.o

.debug_macro    0x0000000000000000     0xbd0c
 .debug_macro   0x0000000000000000      0x1d2 CPAL_Driver/src/stm32f0xx_i2c_cpal.o
 .debug_macro   0x00000000000001d2      0x8b6 CPAL_Driver/src/stm32f0xx_i2c_cpal.o
 .debug_macro   0x0000000000000a88       0x81 CPAL_Driver/src/stm32f0xx_i2c_cpal.o
 .debug_macro   0x0000000000000b09       0x3a CPAL_Driver/src/stm32f0xx_i2c_cpal.o
 .debug_macro   0x0000000000000b43       0x22 CPAL_Driver/src/stm32f0xx_i2c_cpal.o
 .debug_macro   0x0000000000000b65       0x87 CPAL_Driver/src/stm32f0xx_i2c_cpal.o
 .debug_macro   0x0000000000000bec       0x51 CPAL_Driver/src/stm32f0xx_i2c_cpal.o
 .debug_macro   0x0000000000000c3d       0xef CPAL_Driver/src/stm32f0xx_i2c_cpal.o
 .debug_macro   0x0000000000000d2c       0x6a CPAL_Driver/src/stm32f0xx_i2c_cpal.o
 .debug_macro   0x0000000000000d96      0x1df CPAL_Driver/src/stm32f0xx_i2c_cpal.o
 .debug_macro   0x0000000000000f75       0x1f CPAL_Driver/src/stm32f0xx_i2c_cpal.o
 .debug_macro   0x0000000000000f94      0x242 CPAL_Driver/src/stm32f0xx_i2c_cpal.o
 .debug_macro   0x00000000000011d6     0x62f2 CPAL_Driver/src/stm32f0xx_i2c_cpal.o
 .debug_macro   0x00000000000074c8      0x2eb CPAL_Driver/src/stm32f0xx_i2c_cpal.o
 .debug_macro   0x00000000000077b3      0x3cf CPAL_Driver/src/stm32f0xx_i2c_cpal.o
 .debug_macro   0x0000000000007b82      0x191 CPAL_Driver/src/stm32f0xx_i2c_cpal.o
 .debug_macro   0x0000000000007d13       0x46 CPAL_Driver/src/stm32f0xx_i2c_cpal.o
 .debug_macro   0x0000000000007d59       0xd9 CPAL_Driver/src/stm32f0xx_i2c_cpal.o
 .debug_macro   0x0000000000007e32       0xef CPAL_Driver/src/stm32f0xx_i2c_cpal.o
 .debug_macro   0x0000000000007f21      0x184 CPAL_Driver/src/stm32f0xx_i2c_cpal.o
 .debug_macro   0x00000000000080a5       0x7c CPAL_Driver/src/stm32f0xx_i2c_cpal.o
 .debug_macro   0x0000000000008121      0x85b CPAL_Driver/src/stm32f0xx_i2c_cpal.o
 .debug_macro   0x000000000000897c       0xd5 CPAL_Driver/src/stm32f0xx_i2c_cpal.o
 .debug_macro   0x0000000000008a51      0x2b7 CPAL_Driver/src/stm32f0xx_i2c_cpal.o
 .debug_macro   0x0000000000008d08      0x185 CPAL_Driver/src/stm32f0xx_i2c_cpal.o
 .debug_macro   0x0000000000008e8d      0x471 CPAL_Driver/src/stm32f0xx_i2c_cpal.o
 .debug_macro   0x00000000000092fe      0x2a0 CPAL_Driver/src/stm32f0xx_i2c_cpal.o
 .debug_macro   0x000000000000959e       0x70 CPAL_Driver/src/stm32f0xx_i2c_cpal.o
 .debug_macro   0x000000000000960e       0xdf CPAL_Driver/src/stm32f0xx_i2c_cpal.o
 .debug_macro   0x00000000000096ed      0x561 CPAL_Driver/src/stm32f0xx_i2c_cpal.o
 .debug_macro   0x0000000000009c4e      0x4c5 CPAL_Driver/src/stm32f0xx_i2c_cpal.o
 .debug_macro   0x000000000000a113      0x396 CPAL_Driver/src/stm32f0xx_i2c_cpal.o
 .debug_macro   0x000000000000a4a9      0x750 CPAL_Driver/src/stm32f0xx_i2c_cpal.o
 .debug_macro   0x000000000000abf9      0x356 CPAL_Driver/src/stm32f0xx_i2c_cpal.o
 .debug_macro   0x000000000000af4f       0x34 CPAL_Driver/src/stm32f0xx_i2c_cpal.o
 .debug_macro   0x000000000000af83       0x3a CPAL_Driver/src/stm32f0xx_i2c_cpal.o
 .debug_macro   0x000000000000afbd      0x137 CPAL_Driver/src/stm32f0xx_i2c_cpal.o
 .debug_macro   0x000000000000b0f4       0xab CPAL_Driver/src/stm32f0xx_i2c_cpal.o
 .debug_macro   0x000000000000b19f      0x4d3 CPAL_Driver/src/stm32f0xx_i2c_cpal.o
 .debug_macro   0x000000000000b672      0x1c2 CPAL_Driver/src/stm32f0xx_i2c_cpal_hal.o
 .debug_macro   0x000000000000b834      0x1c6 CPAL_Driver/src/stm32f0xx_i2c_cpal_usercallback_template.o
 .debug_macro   0x000000000000b9fa      0x189 src/main.o
 .debug_macro   0x000000000000bb83      0x189 src/system_stm32f0xx.o

.debug_line     0x0000000000000000     0x2be7
 .debug_line    0x0000000000000000      0xed8 CPAL_Driver/src/stm32f0xx_i2c_cpal.o
 .debug_line    0x0000000000000ed8      0x854 CPAL_Driver/src/stm32f0xx_i2c_cpal_hal.o
 .debug_line    0x000000000000172c      0x703 CPAL_Driver/src/stm32f0xx_i2c_cpal_usercallback_template.o
 .debug_line    0x0000000000001e2f      0x680 src/main.o
 .debug_line    0x00000000000024af      0x6bf src/system_stm32f0xx.o
 .debug_line    0x0000000000002b6e       0x79 startup/startup_stm32.o

.debug_str      0x0000000000000000    0x4ee8b
 .debug_str     0x0000000000000000    0x4e7d7 CPAL_Driver/src/stm32f0xx_i2c_cpal.o
                                      0x4e9de (size before relaxing)
 .debug_str     0x000000000004e7d7      0x52d CPAL_Driver/src/stm32f0xx_i2c_cpal_hal.o
                                      0x4eac7 (size before relaxing)
 .debug_str     0x000000000004ed04       0x58 CPAL_Driver/src/stm32f0xx_i2c_cpal_usercallback_template.o
                                      0x4e204 (size before relaxing)
 .debug_str     0x000000000004ed5c       0x7d src/main.o
                                      0x4a1dd (size before relaxing)
 .debug_str     0x000000000004edd9       0xb2 src/system_stm32f0xx.o
                                      0x4a228 (size before relaxing)

.comment        0x0000000000000000       0x7f
 .comment       0x0000000000000000       0x7f CPAL_Driver/src/stm32f0xx_i2c_cpal.o
                                         0x80 (size before relaxing)
 .comment       0x000000000000007f       0x80 CPAL_Driver/src/stm32f0xx_i2c_cpal_hal.o
 .comment       0x000000000000007f       0x80 CPAL_Driver/src/stm32f0xx_i2c_cpal_usercallback_template.o
 .comment       0x000000000000007f       0x80 src/main.o
 .comment       0x000000000000007f       0x80 src/system_stm32f0xx.o

.debug_frame    0x0000000000000000      0x7bc
 .debug_frame   0x0000000000000000      0x354 CPAL_Driver/src/stm32f0xx_i2c_cpal.o
 .debug_frame   0x0000000000000354      0x1c0 CPAL_Driver/src/stm32f0xx_i2c_cpal_hal.o
 .debug_frame   0x0000000000000514       0x30 CPAL_Driver/src/stm32f0xx_i2c_cpal_usercallback_template.o
 .debug_frame   0x0000000000000544       0x4c src/main.o
 .debug_frame   0x0000000000000590       0x6c src/system_stm32f0xx.o
 .debug_frame   0x00000000000005fc       0x2c /Applications/Ac6/SystemWorkbench.app/Contents/Eclipse/plugins/fr.ac6.mcu.externaltools.arm-none.macos64_1.15.0.201708311556/tools/compiler/bin/../lib/gcc/arm-none-eabi/6.3.1/../../../../arm-none-eabi/lib/thumb/v6-m/libc.a(lib_a-init.o)
 .debug_frame   0x0000000000000628       0x54 /Applications/Ac6/SystemWorkbench.app/Contents/Eclipse/plugins/fr.ac6.mcu.externaltools.arm-none.macos64_1.15.0.201708311556/tools/compiler/bin/../lib/gcc/arm-none-eabi/6.3.1/../../../../arm-none-eabi/lib/thumb/v6-m/libc.a(lib_a-__call_atexit.o)
 .debug_frame   0x000000000000067c       0x28 /Applications/Ac6/SystemWorkbench.app/Contents/Eclipse/plugins/fr.ac6.mcu.externaltools.arm-none.macos64_1.15.0.201708311556/tools/compiler/bin/../lib/gcc/arm-none-eabi/6.3.1/../../../../arm-none-eabi/lib/thumb/v6-m/libc.a(lib_a-atexit.o)
 .debug_frame   0x00000000000006a4       0x2c /Applications/Ac6/SystemWorkbench.app/Contents/Eclipse/plugins/fr.ac6.mcu.externaltools.arm-none.macos64_1.15.0.201708311556/tools/compiler/bin/../lib/gcc/arm-none-eabi/6.3.1/../../../../arm-none-eabi/lib/thumb/v6-m/libc.a(lib_a-fini.o)
 .debug_frame   0x00000000000006d0       0xb0 /Applications/Ac6/SystemWorkbench.app/Contents/Eclipse/plugins/fr.ac6.mcu.externaltools.arm-none.macos64_1.15.0.201708311556/tools/compiler/bin/../lib/gcc/arm-none-eabi/6.3.1/../../../../arm-none-eabi/lib/thumb/v6-m/libc.a(lib_a-lock.o)
 .debug_frame   0x0000000000000780       0x3c /Applications/Ac6/SystemWorkbench.app/Contents/Eclipse/plugins/fr.ac6.mcu.externaltools.arm-none.macos64_1.15.0.201708311556/tools/compiler/bin/../lib/gcc/arm-none-eabi/6.3.1/../../../../arm-none-eabi/lib/thumb/v6-m/libc.a(lib_a-__atexit.o)
